SYNTAX ERROR: expected PERIOD but found ne
SYNTAX ERROR: expected SUBJECT but found de
SYNTAX ERROR: expected SUBJECT but found rika
SYNTAX ERROR: expected SUBJECT but found desu
SYNTAX ERROR: expected SUBJECT but found .
SYNTAX ERROR: expected SUBJECT but found watashi
SYNTAX ERROR: unexpected mashita found in afterNoun
